
 ets Jan  8 2013,rst cause:2, boot mode:(3,6)

load 0x40100000, len 7040, room 16 
tail 0
chksum 0xdb
load 0x3ffe8408, len 24, room 8 
tail 0
chksum 0x52
load 0x3ffe8420, len 3328, room 8 
tail 8
chksum 0x12
csum 0x12
[0;32mI (46) boot: ESP-IDF v3.4-dev-375-g95193813 2nd stage bootloader[0m
[0;32mI (46) boot: compile time 22:34:16[0m
[0;32mI (46) qio_mode: Enabling default flash chip QIO[0m
[0;32mI (54) boot: SPI Speed      : 40MHz[0m
[0;32mI (61) boot: SPI Mode       : QIO[0m
[0;32mI (67) boot: SPI Flash Size : 2MB[0m
[0;32mI (73) boot: Partition Table:[0m
[0;32mI (79) boot: ## Label            Usage          Type ST Offset   Length[0m
[0;32mI (90) boot:  0 nvs              WiFi data        01 02 00009000 00006000[0m
[0;32mI (101) boot:  1 phy_init         RF data          01 01 0000f000 00001000[0m
[0;32mI (113) boot:  2 factory          factory app      00 00 00010000 000f0000[0m
[0;32mI (125) boot: End of partition table[0m
[0;32mI (131) esp_image: segment 0: paddr=0x00010010 vaddr=0x40210010 size=0x14620 ( 83488) map[0m
0x40210010: _stext at ??:?
[0;32mI (172) esp_image: segment 1: paddr=0x00024638 vaddr=0x40224630 size=0x05764 ( 22372) map[0m
[0;32mI (181) esp_image: segment 2: paddr=0x00029da4 vaddr=0x3ffe8000 size=0x003dc (   988) load[0m
[0;32mI (184) esp_image: segment 3: paddr=0x0002a188 vaddr=0x40100000 size=0x00080 (   128) load[0m
[0;32mI (198) esp_image: segment 4: paddr=0x0002a210 vaddr=0x40100080 size=0x04490 ( 17552) load[0m
[0;32mI (216) boot: Loaded app from partition at offset 0x10000[0m
[0;32mI (235) main: Nicholas Bissessar|ID#: 816117555
[0m
[0;32mI (238) gpio: GPIO[2]| InputEn: 0| OutputEn: 1| OpenDrain: 0| Pullup: 0| Pulldown: 0| Intr:0 [0m
[0;32mI (243) main: GPIO[2] Status -|> GPIO Level is:	0
[0m
[0;32mI (1250) main: GPIO[2] Status -|> GPIO Level is:	1
[0m
[0;32mI (2250) main: GPIO[2] Status -|> GPIO Level is:	0
[0m
[0;32mI (3740) main: GPIO[2] Status -|> GPIO Level is:	1
[0m
[0;32mI (4740) main: GPIO[2] Status -|> GPIO Level is:	1
[0m
[0;32mI (5740) main: GPIO[2] Status -|> GPIO Level is:	0
[0m
[0;32mI (6740) main: GPIO[2] Status -|> GPIO Level is:	1
[0m
[0;32mI (8230) main: GPIO[2] Status -|> GPIO Level is:	0
[0m
[0;32mI (9720) main: GPIO[2] Status -|> GPIO Level is:	1
[0m
[0;32mI (10721) main: GPIO[2] Status -|> GPIO Level is:	1
[0m
[0;32mI (11721) main: GPIO[2] Status -|> GPIO Level is:	0
[0m
[0;32mI (12721) main: GPIO[2] Status -|> GPIO Level is:	1
[0m
[0;32mI (14211) main: GPIO[2] Status -|> GPIO Level is:	0
[0m
[0;32mI (15701) main: GPIO[2] Status -|> GPIO Level is:	1
[0m
[0;32mI (16701) main: GPIO[2] Status -|> GPIO Level is:	1
[0m
[0;32mI (17701) main: GPIO[2] Status -|> GPIO Level is:	0
[0m
[0;32mI (18701) main: GPIO[2] Status -|> GPIO Level is:	1
[0m

 ets Jan  8 2013,rst cause:2, boot mode:(3,6)

load 0x40100000, len 7040, room 16 
tail 0
chksum 0xdb
load 0x3ffe8408, len 24, room 8 
tail 0
chksum 0x52
load 0x3ffe8420, len 3328, room 8 
tail 8
chksum 0x12
csum 0x12
[0;32mI (46) boot: ESP-IDF v3.4-dev-375-g95193813 2nd stage bootloader[0m
[0;32mI (46) boot: compile time 22:34:16[0m
[0;32mI (46) qio_mode: Enabling default flash chip QIO[0m
[0;32mI (54) boot: SPI Speed      : 40MHz[0m
[0;32mI (61) boot: SPI Mode       : QIO[0m
[0;32mI (67) boot: SPI Flash Size : 2MB[0m
[0;32mI (73) boot: Partition Table:[0m
[0;32mI (79) boot: ## Label            Usage          Type ST Offset   Length[0m
[0;32mI (90) boot:  0 nvs              WiFi data        01 02 00009000 00006000[0m
[0;32mI (101) boot:  1 phy_init         RF data          01 01 0000f000 00001000[0m
[0;32mI (113) boot:  2 factory          factory app      00 00 00010000 000f0000[0m
[0;32mI (125) boot: End of partition table[0m
[0;32mI (131) esp_image: segment 0: paddr=0x00010010 vaddr=0x40210010 size=0x14620 ( 83488) map[0m
0x40210010: _stext at ??:?
[0;32mI (172) esp_image: segment 1: paddr=0x00024638 vaddr=0x40224630 size=0x05764 ( 22372) map[0m
[0;32mI (181) esp_image: segment 2: paddr=0x00029da4 vaddr=0x3ffe8000 size=0x003dc (   988) load[0m
[0;32mI (184) esp_image: segment 3: paddr=0x0002a188 vaddr=0x40100000 size=0x00080 (   128) load[0m
[0;32mI (198) esp_image: segment 4: paddr=0x0002a210 vaddr=0x40100080 size=0x04490 ( 17552) load[0m
[0;32mI (216) boot: Loaded app from partition at offset 0x10000[0m
[0;32mI (235) main: Nicholas Bissessar|ID#: 816117555
[0m
[0;32mI (238) gpio: GPIO[2]| InputEn: 0| OutputEn: 1| OpenDrain: 0| Pullup: 0| Pulldown: 0| Intr:0 [0m
[0;32mI (243) main: GPIO[2] Status -|> GPIO Level is:	0
[0m
[0;32mI (1250) main: GPIO[2] Status -|> GPIO Level is:	1
[0m
[0;32mI (2250) main: GPIO[2] Status -|> GPIO Level is:	0
[0m
[0;32mI (3740) main: GPIO[2] Status -|> GPIO Level is:	1
[0m
